[90m
  __  __            _          _            _      _____           _ _
 |  \/  |          | |        | |          | |    |_   _|         | | |
 | \  / | __ _ _ __| | ___   _| |__   ___  | |__    | | ___   ___ | | |__   _____  __
 | |\/| |/ _` | '__| |/ / | | | '_ \ / _ \ | '_ \   | |/ _ \ / _ \| | '_ \ / _ \ \/ /
 | |  | | (_| | |  |   <| |_| | |_) | (_) || |_) |  | | (_) | (_) | | |_) | (_) >  <
 |_|  |_|\__,_|_|  |_|\_\\__,_|_.__/ \___/ |_.__/   |_|\___/ \___/|_|_.__/ \___/_/\_\

 Word ⇄ Markdown 双向转换 · 本地加载项
[0m
[90m==============================================================================[0m
[90m
[1/4] 跳过 Word 注册（--no-install）[0m
[1m
[2/4] 启动本地服务器[0m
[92m  [OK] 服务已启动：http://localhost:3510[0m
[93m  [!] HTTP 模式仅供浏览器预览，Word 加载项必须用 HTTPS[0m
[1m
[3/4] 打开预览[0m
[90m  已跳过，手动访问：http://localhost:3510/taskpane.html[0m
[1m
[4/4] 在 Word 中使用[0m
  1. 完全关闭 Word（所有窗口），然后重新打开一个文档
[92m  2. 功能区「开始」选项卡最右侧应出现「Markdown 工具箱」组[0m
  3. 若没出现：点击「插入」→「我的加载项」→「共享文件夹」
     选择「Markdown 工具箱」→「添加」
[90m  功能区按钮：导出 Markdown / 粘贴 Markdown / 打开面板[0m
[90m
==============================================================================[0m
[92m  服务运行中 · http://localhost:3510[0m
[90m  关闭此窗口或按 Ctrl+C 即可停止[0m
[90m==============================================================================
[0m
